{
  "transform_output": "#!/bin/bash\n# Generated scenario 3 - Comprehensive transformation testing\n\necho \"Generated scenario test 3 - Comprehensive transformations\"\n\n# All transformation types in one script\n\n# 1. Output format transformations\nusacloud server list --output-type json  # usacloud-update: csv → json 形式変更 https://docs.usacloud.jp/\nusacloud disk list --output-type tsv\nusacloud database list --output-type table\n\n# 2. Selector removals\nusacloud server list --selector \"Name=production-*\"\nusacloud disk create --selector \"Zone=tk1a\" --name \"test-disk\"\nusacloud database list --selector \"Status=running\"\n\n# 3. Resource name changes  \nusacloud cdrom list  # usacloud-update: iso-image → cdrom 名称変更 https://docs.usacloud.jp/\nusacloud cdrom create --name \"custom-iso\"  # usacloud-update: iso-image → cdrom 名称変更 https://docs.usacloud.jp/\nusacloud startup-script list\nusacloud startup-script create --name \"init-script\"\nusacloud ipv4 list\n\n# 4. Product alias transformations\nusacloud product-server list\nusacloud product-disk list --zone=all\nusacloud product-database list --output-type json  # usacloud-update: csv → json 形式変更 https://docs.usacloud.jp/\n\n# 5. Zone normalization\nusacloud server list --zone = all\nusacloud disk list --zone= tk1a\nusacloud database create --zone =is1a --name \"test-db\"\n\n# 6. Summary command (discontinued)\nusacloud summary\nusacloud summary server\nusacloud summary --help\n\n# 7. Object storage (discontinued)\nusacloud object-storage list\nusacloud object-storage create --name \"backup-storage\"\n\n# 8. Complex combinations\nusacloud cdrom list --selector \"Size\u003e500\" --output-type json --zone = all  # usacloud-update: csv → json 形式変更 https://docs.usacloud.jp/  # usacloud-update: iso-image → cdrom 名称変更 https://docs.usacloud.jp/\nusacloud product-server list --selector \"Name~standard*\" --output-type tsv\nusacloud startup-script create --name \"deploy\" --selector \"Zone=tk1a\" --output-type json\n\n# 9. Nested in shell constructs\nif usacloud server list --output-type json | grep -q \"running\"; then  # usacloud-update: csv → json 形式変更 https://docs.usacloud.jp/\n    echo \"Servers are running\"\nfi\n\nfor zone in tk1a tk1b; do\n    usacloud cdrom list --zone = $zone --output-type json  # usacloud-update: csv → json 形式変更 https://docs.usacloud.jp/  # usacloud-update: iso-image → cdrom 名称変更 https://docs.usacloud.jp/\ndone\n\n# 10. Pipe operations\nusacloud product-server list --output-type json | head -5  # usacloud-update: csv → json 形式変更 https://docs.usacloud.jp/\nusacloud startup-script list --selector \"Name~deploy*\" | jq '.[] | .name'\n\necho \"Generated scenario 3 complete - all transformation types covered\"",
  "transform_stats": {
    "total_lines": 62,
    "processed_lines": 60,
    "transformed_lines": 10,
    "skipped_lines": 2,
    "rules_applied": [
      "output_format_csv_to_json",
      "resource_rename_iso_image",
      "resource_rename_iso_image",
      "output_format_csv_to_json",
      "output_format_csv_to_json",
      "resource_rename_iso_image",
      "output_format_csv_to_json",
      "output_format_csv_to_json",
      "resource_rename_iso_image",
      "output_format_csv_to_json"
    ]
  },
  "validation_results": [
    {
      "line_number": 9,
      "original_line": "usacloud server list --output-type csv",
      "validation_status": "warning",
      "issues": [
        {
          "type": "deprecated_parameter",
          "severity": "warning",
          "message": "csv出力形式は非推奨です。json形式の使用を推奨します。",
          "suggestion": "--output-type json"
        }
      ]
    },
    {
      "line_number": 19,
      "original_line": "usacloud iso-image list",
      "validation_status": "error",
      "issues": [
        {
          "type": "deprecated_command",
          "severity": "error",
          "message": "iso-imageコマンドは廃止されました。cdromコマンドを使用してください。",
          "replacement_command": "cdrom"
        }
      ]
    },
    {
      "line_number": 20,
      "original_line": "usacloud iso-image create --name \"custom-iso\"",
      "validation_status": "error",
      "issues": [
        {
          "type": "deprecated_command",
          "severity": "error",
          "message": "iso-imageコマンドは廃止されました。cdromコマンドを使用してください。",
          "replacement_command": "cdrom"
        }
      ]
    },
    {
      "line_number": 28,
      "original_line": "usacloud product-database list --output-type csv",
      "validation_status": "warning",
      "issues": [
        {
          "type": "deprecated_parameter",
          "severity": "warning",
          "message": "csv出力形式は非推奨です。json形式の使用を推奨します。",
          "suggestion": "--output-type json"
        }
      ]
    },
    {
      "line_number": 45,
      "original_line": "usacloud iso-image list --selector \"Size\u003e500\" --output-type csv --zone = all",
      "validation_status": "error",
      "issues": [
        {
          "type": "deprecated_parameter",
          "severity": "warning",
          "message": "csv出力形式は非推奨です。json形式の使用を推奨します。",
          "suggestion": "--output-type json"
        },
        {
          "type": "deprecated_command",
          "severity": "error",
          "message": "iso-imageコマンドは廃止されました。cdromコマンドを使用してください。",
          "replacement_command": "cdrom"
        }
      ]
    },
    {
      "line_number": 50,
      "original_line": "if usacloud server list --output-type csv | grep -q \"running\"; then",
      "validation_status": "warning",
      "issues": [
        {
          "type": "deprecated_parameter",
          "severity": "warning",
          "message": "csv出力形式は非推奨です。json形式の使用を推奨します。",
          "suggestion": "--output-type json"
        }
      ]
    },
    {
      "line_number": 55,
      "original_line": "    usacloud iso-image list --zone = $zone --output-type csv",
      "validation_status": "error",
      "issues": [
        {
          "type": "deprecated_parameter",
          "severity": "warning",
          "message": "csv出力形式は非推奨です。json形式の使用を推奨します。",
          "suggestion": "--output-type json"
        },
        {
          "type": "deprecated_command",
          "severity": "error",
          "message": "iso-imageコマンドは廃止されました。cdromコマンドを使用してください。",
          "replacement_command": "cdrom"
        }
      ]
    },
    {
      "line_number": 59,
      "original_line": "usacloud product-server list --output-type csv | head -5",
      "validation_status": "warning",
      "issues": [
        {
          "type": "deprecated_parameter",
          "severity": "warning",
          "message": "csv出力形式は非推奨です。json形式の使用を推奨します。",
          "suggestion": "--output-type json"
        }
      ]
    }
  ],
  "validation_summary": {
    "total_issues": 10,
    "errors": 4,
    "warnings": 6,
    "suggestions": 6,
    "deprecated_commands": 4
  },
  "error_messages": [
    {
      "type": "deprecated_command_error",
      "formatted_message": "❌ エラー: 'iso-image' コマンドはv1で廃止されました。\n\n🔄 代わりに以下を使用してください:\n   usacloud cdrom list\n\nℹ️  詳細な移行ガイド: https://docs.usacloud.jp/usacloud/upgrade/v1_0_0/"
    },
    {
      "type": "deprecated_command_error",
      "formatted_message": "❌ エラー: 'iso-image' コマンドはv1で廃止されました。\n\n🔄 代わりに以下を使用してください:\n   usacloud cdrom list\n\nℹ️  詳細な移行ガイド: https://docs.usacloud.jp/usacloud/upgrade/v1_0_0/"
    },
    {
      "type": "deprecated_command_error",
      "formatted_message": "❌ エラー: 'iso-image' コマンドはv1で廃止されました。\n\n🔄 代わりに以下を使用してください:\n   usacloud cdrom list\n\nℹ️  詳細な移行ガイド: https://docs.usacloud.jp/usacloud/upgrade/v1_0_0/"
    },
    {
      "type": "deprecated_command_error",
      "formatted_message": "❌ エラー: '' コマンドはv1で廃止されました。\n\n🔄 代わりに以下を使用してください:\n   usacloud cdrom list\n\nℹ️  詳細な移行ガイド: https://docs.usacloud.jp/usacloud/upgrade/v1_0_0/"
    }
  ],
  "warning_messages": null,
  "suggestions": [
    {
      "line_number": 9,
      "original_command": "usacloud server list --output-type csv",
      "suggested_command": "usacloud server list --output-type json",
      "reason": "JSON形式の方が構造化データの処理に適しています",
      "confidence": 0.9
    },
    {
      "line_number": 28,
      "original_command": "usacloud product-database list --output-type csv",
      "suggested_command": "usacloud product-database list --output-type json",
      "reason": "JSON形式の方が構造化データの処理に適しています",
      "confidence": 0.9
    },
    {
      "line_number": 45,
      "original_command": "usacloud iso-image list --selector \"Size\u003e500\" --output-type csv --zone = all",
      "suggested_command": "usacloud iso-image list --selector \"Size\u003e500\" --output-type json --zone = all",
      "reason": "JSON形式の方が構造化データの処理に適しています",
      "confidence": 0.9
    },
    {
      "line_number": 50,
      "original_command": "if usacloud server list --output-type csv | grep -q \"running\"; then",
      "suggested_command": "if usacloud server list --output-type json | grep -q \"running\"; then",
      "reason": "JSON形式の方が構造化データの処理に適しています",
      "confidence": 0.9
    },
    {
      "line_number": 55,
      "original_command": "usacloud iso-image list --zone = $zone --output-type csv",
      "suggested_command": "    usacloud iso-image list --zone = $zone --output-type json",
      "reason": "JSON形式の方が構造化データの処理に適しています",
      "confidence": 0.9
    },
    {
      "line_number": 59,
      "original_command": "usacloud product-server list --output-type csv | head -5",
      "suggested_command": "usacloud product-server list --output-type json | head -5",
      "reason": "JSON形式の方が構造化データの処理に適しています",
      "confidence": 0.9
    }
  ],
  "deprecation_warnings": null,
  "help_output": "",
  "interactive_output": "",
  "test_metadata": {
    "test_name": "GeneratedScenario_003",
    "input_file": "generated_scenario_3.sh",
    "config_used": "default.conf",
    "test_date": "2025-09-12T13:21:40Z",
    "tool_version": "1.9.0",
    "language": "ja",
    "color_enabled": false
  }
}