{
  "transform_output": "",
  "transform_stats": null,
  "validation_results": [
    {
      "line_number": 6,
      "original_line": "usacloud iso-image list",
      "validation_status": "error",
      "issues": [
        {
          "type": "deprecated_command",
          "severity": "error",
          "message": "iso-imageコマンドは廃止されました。cdromコマンドを使用してください。",
          "replacement_command": "cdrom"
        }
      ]
    },
    {
      "line_number": 14,
      "original_line": "usacloud server list --output-type csv",
      "validation_status": "warning",
      "issues": [
        {
          "type": "deprecated_parameter",
          "severity": "warning",
          "message": "csv出力形式は非推奨です。json形式の使用を推奨します。",
          "suggestion": "--output-type json"
        }
      ]
    },
    {
      "line_number": 16,
      "original_line": "usacloud database list --output-type csv",
      "validation_status": "warning",
      "issues": [
        {
          "type": "deprecated_parameter",
          "severity": "warning",
          "message": "csv出力形式は非推奨です。json形式の使用を推奨します。",
          "suggestion": "--output-type json"
        }
      ]
    },
    {
      "line_number": 42,
      "original_line": "usacloud iso-imag list --output-type csv  # 廃止コマンドタイポ + 非推奨オプション",
      "validation_status": "warning",
      "issues": [
        {
          "type": "deprecated_parameter",
          "severity": "warning",
          "message": "csv出力形式は非推奨です。json形式の使用を推奨します。",
          "suggestion": "--output-type json"
        }
      ]
    }
  ],
  "validation_summary": {
    "total_issues": 4,
    "errors": 1,
    "warnings": 3,
    "suggestions": 3,
    "deprecated_commands": 1
  },
  "error_messages": [
    {
      "type": "deprecated_command_error",
      "formatted_message": "❌ エラー: 'iso-image' コマンドはv1で廃止されました。\n\n🔄 代わりに以下を使用してください:\n   usacloud cdrom list\n\nℹ️  詳細な移行ガイド: https://docs.usacloud.jp/usacloud/upgrade/v1_0_0/"
    }
  ],
  "warning_messages": null,
  "suggestions": [
    {
      "line_number": 14,
      "original_command": "usacloud server list --output-type csv",
      "suggested_command": "usacloud server list --output-type json",
      "reason": "JSON形式の方が構造化データの処理に適しています",
      "confidence": 0.9
    },
    {
      "line_number": 16,
      "original_command": "usacloud database list --output-type csv",
      "suggested_command": "usacloud database list --output-type json",
      "reason": "JSON形式の方が構造化データの処理に適しています",
      "confidence": 0.9
    },
    {
      "line_number": 42,
      "original_command": "usacloud iso-imag list --output-type csv  # 廃止コマンドタイポ + 非推奨オプション",
      "suggested_command": "usacloud iso-imag list --output-type json  # 廃止コマンドタイポ + 非推奨オプション",
      "reason": "JSON形式の方が構造化データの処理に適しています",
      "confidence": 0.9
    }
  ],
  "deprecation_warnings": null,
  "help_output": "",
  "interactive_output": "",
  "test_metadata": {
    "test_name": "MultiLanguage_ja",
    "input_file": "error_scenarios.sh",
    "config_used": "default_ja.conf",
    "test_date": "2025-09-12T11:54:07Z",
    "tool_version": "1.9.0",
    "language": "ja",
    "color_enabled": false
  }
}